▿ 12 elements
  ▿ 6 elements
    ▿ 7 elements
      ▿ 5 key/value pairs
        ▿ (2 elements)
          - key: "day"
          - value: 27
        ▿ (2 elements)
          - key: "month"
          - value: 12
        ▿ (2 elements)
          - key: "week_of_year"
          - value: 1
        ▿ (2 elements)
          - key: "weekday"
          - value: 2
        ▿ (2 elements)
          - key: "year"
          - value: 2021
      ▿ 5 key/value pairs
        ▿ (2 elements)
          - key: "day"
          - value: 28
        ▿ (2 elements)
          - key: "month"
          - value: 12
        ▿ (2 elements)
          - key: "week_of_year"
          - value: 1
        ▿ (2 elements)
          - key: "weekday"
          - value: 3
        ▿ (2 elements)
          - key: "year"
          - value: 2021
      ▿ 5 key/value pairs
        ▿ (2 elements)
          - key: "day"
          - value: 29
        ▿ (2 elements)
          - key: "month"
          - value: 12
        ▿ (2 elements)
          - key: "week_of_year"
          - value: 1
        ▿ (2 elements)
          - key: "weekday"
          - value: 4
        ▿ (2 elements)
          - key: "year"
          - value: 2021
      ▿ 5 key/value pairs
        ▿ (2 elements)
          - key: "day"
          - value: 30
        ▿ (2 elements)
          - key: "month"
          - value: 12
        ▿ (2 elements)
          - key: "week_of_year"
          - value: 1
        ▿ (2 elements)
          - key: "weekday"
          - value: 5
        ▿ (2 elements)
          - key: "year"
          - value: 2021
      ▿ 5 key/value pairs
        ▿ (2 elements)
          - key: "day"
          - value: 31
        ▿ (2 elements)
          - key: "month"
          - value: 12
        ▿ (2 elements)
          - key: "week_of_year"
          - value: 1
        ▿ (2 elements)
          - key: "weekday"
          - value: 6
        ▿ (2 elements)
          - key: "year"
          - value: 2021
      ▿ 5 key/value pairs
        ▿ (2 elements)
          - key: "day"
          - value: 1
        ▿ (2 elements)
          - key: "month"
          - value: 1
        ▿ (2 elements)
          - key: "week_of_year"
          - value: 1
        ▿ (2 elements)
          - key: "weekday"
          - value: 7
        ▿ (2 elements)
          - key: "year"
          - value: 2022
      ▿ 5 key/value pairs
        ▿ (2 elements)
          - key: "day"
          - value: 2
        ▿ (2 elements)
          - key: "month"
          - value: 1
        ▿ (2 elements)
          - key: "week_of_year"
          - value: 1
        ▿ (2 elements)
          - key: "weekday"
          - value: 1
        ▿ (2 elements)
          - key: "year"
          - value: 2022
    ▿ 7 elements
      ▿ 5 key/value pairs
        ▿ (2 elements)
          - key: "day"
          - value: 3
        ▿ (2 elements)
          - key: "month"
          - value: 1
        ▿ (2 elements)
          - key: "week_of_year"
          - value: 2
        ▿ (2 elements)
          - key: "weekday"
          - value: 2
        ▿ (2 elements)
          - key: "year"
          - value: 2022
      ▿ 5 key/value pairs
        ▿ (2 elements)
          - key: "day"
          - value: 4
        ▿ (2 elements)
          - key: "month"
          - value: 1
        ▿ (2 elements)
          - key: "week_of_year"
          - value: 2
        ▿ (2 elements)
          - key: "weekday"
          - value: 3
        ▿ (2 elements)
          - key: "year"
          - value: 2022
      ▿ 5 key/value pairs
        ▿ (2 elements)
          - key: "day"
          - value: 5
        ▿ (2 elements)
          - key: "month"
          - value: 1
        ▿ (2 elements)
          - key: "week_of_year"
          - value: 2
        ▿ (2 elements)
          - key: "weekday"
          - value: 4
        ▿ (2 elements)
          - key: "year"
          - value: 2022
      ▿ 5 key/value pairs
        ▿ (2 elements)
          - key: "day"
          - value: 6
        ▿ (2 elements)
          - key: "month"
          - value: 1
        ▿ (2 elements)
          - key: "week_of_year"
          - value: 2
        ▿ (2 elements)
          - key: "weekday"
          - value: 5
        ▿ (2 elements)
          - key: "year"
          - value: 2022
      ▿ 5 key/value pairs
        ▿ (2 elements)
          - key: "day"
          - value: 7
        ▿ (2 elements)
          - key: "month"
          - value: 1
        ▿ (2 elements)
          - key: "week_of_year"
          - value: 2
        ▿ (2 elements)
          - key: "weekday"
          - value: 6
        ▿ (2 elements)
          - key: "year"
          - value: 2022
      ▿ 5 key/value pairs
        ▿ (2 elements)
          - key: "day"
          - value: 8
        ▿ (2 elements)
          - key: "month"
          - value: 1
        ▿ (2 elements)
          - key: "week_of_year"
          - value: 2
        ▿ (2 elements)
          - key: "weekday"
          - value: 7
        ▿ (2 elements)
          - key: "year"
          - value: 2022
      ▿ 5 key/value pairs
        ▿ (2 elements)
          - key: "day"
          - value: 9
        ▿ (2 elements)
          - key: "month"
          - value: 1
        ▿ (2 elements)
          - key: "week_of_year"
          - value: 2
        ▿ (2 elements)
          - key: "weekday"
          - value: 1
        ▿ (2 elements)
          - key: "year"
          - value: 2022
    ▿ 7 elements
      ▿ 5 key/value pairs
        ▿ (2 elements)
          - key: "day"
          - value: 10
        ▿ (2 elements)
          - key: "month"
          - value: 1
        ▿ (2 elements)
          - key: "week_of_year"
          - value: 3
        ▿ (2 elements)
          - key: "weekday"
          - value: 2
        ▿ (2 elements)
          - key: "year"
          - value: 2022
      ▿ 5 key/value pairs
        ▿ (2 elements)
          - key: "day"
          - value: 11
        ▿ (2 elements)
          - key: "month"
          - value: 1
        ▿ (2 elements)
          - key: "week_of_year"
          - value: 3
        ▿ (2 elements)
          - key: "weekday"
          - value: 3
        ▿ (2 elements)
          - key: "year"
          - value: 2022
      ▿ 5 key/value pairs
        ▿ (2 elements)
          - key: "day"
          - value: 12
        ▿ (2 elements)
          - key: "month"
          - value: 1
        ▿ (2 elements)
          - key: "week_of_year"
          - value: 3
        ▿ (2 elements)
          - key: "weekday"
          - value: 4
        ▿ (2 elements)
          - key: "year"
          - value: 2022
      ▿ 5 key/value pairs
        ▿ (2 elements)
          - key: "day"
          - value: 13
        ▿ (2 elements)
          - key: "month"
          - value: 1
        ▿ (2 elements)
          - key: "week_of_year"
          - value: 3
        ▿ (2 elements)
          - key: "weekday"
          - value: 5
        ▿ (2 elements)
          - key: "year"
          - value: 2022
      ▿ 5 key/value pairs
        ▿ (2 elements)
          - key: "day"
          - value: 14
        ▿ (2 elements)
          - key: "month"
          - value: 1
        ▿ (2 elements)
          - key: "week_of_year"
          - value: 3
        ▿ (2 elements)
          - key: "weekday"
          - value: 6
        ▿ (2 elements)
          - key: "year"
          - value: 2022
      ▿ 5 key/value pairs
        ▿ (2 elements)
          - key: "day"
          - value: 15
        ▿ (2 elements)
          - key: "month"
          - value: 1
        ▿ (2 elements)
          - key: "week_of_year"
          - value: 3
        ▿ (2 elements)
          - key: "weekday"
          - value: 7
        ▿ (2 elements)
          - key: "year"
          - value: 2022
      ▿ 5 key/value pairs
        ▿ (2 elements)
          - key: "day"
          - value: 16
        ▿ (2 elements)
          - key: "month"
          - value: 1
        ▿ (2 elements)
          - key: "week_of_year"
          - value: 3
        ▿ (2 elements)
          - key: "weekday"
          - value: 1
        ▿ (2 elements)
          - key: "year"
          - value: 2022
    ▿ 7 elements
      ▿ 5 key/value pairs
        ▿ (2 elements)
          - key: "day"
          - value: 17
        ▿ (2 elements)
          - key: "month"
          - value: 1
        ▿ (2 elements)
          - key: "week_of_year"
          - value: 4
        ▿ (2 elements)
          - key: "weekday"
          - value: 2
        ▿ (2 elements)
          - key: "year"
          - value: 2022
      ▿ 5 key/value pairs
        ▿ (2 elements)
          - key: "day"
          - value: 18
        ▿ (2 elements)
          - key: "month"
          - value: 1
        ▿ (2 elements)
          - key: "week_of_year"
          - value: 4
        ▿ (2 elements)
          - key: "weekday"
          - value: 3
        ▿ (2 elements)
          - key: "year"
          - value: 2022
      ▿ 5 key/value pairs
        ▿ (2 elements)
          - key: "day"
          - value: 19
        ▿ (2 elements)
          - key: "month"
          - value: 1
        ▿ (2 elements)
          - key: "week_of_year"
          - value: 4
        ▿ (2 elements)
          - key: "weekday"
          - value: 4
        ▿ (2 elements)
          - key: "year"
          - value: 2022
      ▿ 5 key/value pairs
        ▿ (2 elements)
          - key: "day"
          - value: 20
        ▿ (2 elements)
          - key: "month"
          - value: 1
        ▿ (2 elements)
          - key: "week_of_year"
          - value: 4
        ▿ (2 elements)
          - key: "weekday"
          - value: 5
        ▿ (2 elements)
          - key: "year"
          - value: 2022
      ▿ 5 key/value pairs
        ▿ (2 elements)
          - key: "day"
          - value: 21
        ▿ (2 elements)
          - key: "month"
          - value: 1
        ▿ (2 elements)
          - key: "week_of_year"
          - value: 4
        ▿ (2 elements)
          - key: "weekday"
          - value: 6
        ▿ (2 elements)
          - key: "year"
          - value: 2022
      ▿ 5 key/value pairs
        ▿ (2 elements)
          - key: "day"
          - value: 22
        ▿ (2 elements)
          - key: "month"
          - value: 1
        ▿ (2 elements)
          - key: "week_of_year"
          - value: 4
        ▿ (2 elements)
          - key: "weekday"
          - value: 7
        ▿ (2 elements)
          - key: "year"
          - value: 2022
      ▿ 5 key/value pairs
        ▿ (2 elements)
          - key: "day"
          - value: 23
        ▿ (2 elements)
          - key: "month"
          - value: 1
        ▿ (2 elements)
          - key: "week_of_year"
          - value: 4
        ▿ (2 elements)
          - key: "weekday"
          - value: 1
        ▿ (2 elements)
          - key: "year"
          - value: 2022
    ▿ 7 elements
      ▿ 5 key/value pairs
        ▿ (2 elements)
          - key: "day"
          - value: 24
        ▿ (2 elements)
          - key: "month"
          - value: 1
        ▿ (2 elements)
          - key: "week_of_year"
          - value: 5
        ▿ (2 elements)
          - key: "weekday"
          - value: 2
        ▿ (2 elements)
          - key: "year"
          - value: 2022
      ▿ 5 key/value pairs
        ▿ (2 elements)
          - key: "day"
          - value: 25
        ▿ (2 elements)
          - key: "month"
          - value: 1
        ▿ (2 elements)
          - key: "week_of_year"
          - value: 5
        ▿ (2 elements)
          - key: "weekday"
          - value: 3
        ▿ (2 elements)
          - key: "year"
          - value: 2022
      ▿ 5 key/value pairs
        ▿ (2 elements)
          - key: "day"
          - value: 26
        ▿ (2 elements)
          - key: "month"
          - value: 1
        ▿ (2 elements)
          - key: "week_of_year"
          - value: 5
        ▿ (2 elements)
          - key: "weekday"
          - value: 4
        ▿ (2 elements)
          - key: "year"
          - value: 2022
      ▿ 5 key/value pairs
        ▿ (2 elements)
          - key: "day"
          - value: 27
        ▿ (2 elements)
          - key: "month"
          - value: 1
        ▿ (2 elements)
          - key: "week_of_year"
          - value: 5
        ▿ (2 elements)
          - key: "weekday"
          - value: 5
        ▿ (2 elements)
          - key: "year"
          - value: 2022
      ▿ 5 key/value pairs
        ▿ (2 elements)
          - key: "day"
          - value: 28
        ▿ (2 elements)
          - key: "month"
          - value: 1
        ▿ (2 elements)
          - key: "week_of_year"
          - value: 5
        ▿ (2 elements)
          - key: "weekday"
          - value: 6
        ▿ (2 elements)
          - key: "year"
          - value: 2022
      ▿ 5 key/value pairs
        ▿ (2 elements)
          - key: "day"
          - value: 29
        ▿ (2 elements)
          - key: "month"
          - value: 1
        ▿ (2 elements)
          - key: "week_of_year"
          - value: 5
        ▿ (2 elements)
          - key: "weekday"
          - value: 7
        ▿ (2 elements)
          - key: "year"
          - value: 2022
      ▿ 5 key/value pairs
        ▿ (2 elements)
          - key: "day"
          - value: 30
        ▿ (2 elements)
          - key: "month"
          - value: 1
        ▿ (2 elements)
          - key: "week_of_year"
          - value: 5
        ▿ (2 elements)
          - key: "weekday"
          - value: 1
        ▿ (2 elements)
          - key: "year"
          - value: 2022
    ▿ 7 elements
      ▿ 5 key/value pairs
        ▿ (2 elements)
          - key: "day"
          - value: 31
        ▿ (2 elements)
          - key: "month"
          - value: 1
        ▿ (2 elements)
          - key: "week_of_year"
          - value: 6
        ▿ (2 elements)
          - key: "weekday"
          - value: 2
        ▿ (2 elements)
          - key: "year"
          - value: 2022
      ▿ 5 key/value pairs
        ▿ (2 elements)
          - key: "day"
          - value: 1
        ▿ (2 elements)
          - key: "month"
          - value: 2
        ▿ (2 elements)
          - key: "week_of_year"
          - value: 6
        ▿ (2 elements)
          - key: "weekday"
          - value: 3
        ▿ (2 elements)
          - key: "year"
          - value: 2022
      ▿ 5 key/value pairs
        ▿ (2 elements)
          - key: "day"
          - value: 2
        ▿ (2 elements)
          - key: "month"
          - value: 2
        ▿ (2 elements)
          - key: "week_of_year"
          - value: 6
        ▿ (2 elements)
          - key: "weekday"
          - value: 4
        ▿ (2 elements)
          - key: "year"
          - value: 2022
      ▿ 5 key/value pairs
        ▿ (2 elements)
          - key: "day"
          - value: 3
        ▿ (2 elements)
          - key: "month"
          - value: 2
        ▿ (2 elements)
          - key: "week_of_year"
          - value: 6
        ▿ (2 elements)
          - key: "weekday"
          - value: 5
        ▿ (2 elements)
          - key: "year"
          - value: 2022
      ▿ 5 key/value pairs
        ▿ (2 elements)
          - key: "day"
          - value: 4
        ▿ (2 elements)
          - key: "month"
          - value: 2
        ▿ (2 elements)
          - key: "week_of_year"
          - value: 6
        ▿ (2 elements)
          - key: "weekday"
          - value: 6
        ▿ (2 elements)
          - key: "year"
          - value: 2022
      ▿ 5 key/value pairs
        ▿ (2 elements)
          - key: "day"
          - value: 5
        ▿ (2 elements)
          - key: "month"
          - value: 2
        ▿ (2 elements)
          - key: "week_of_year"
          - value: 6
        ▿ (2 elements)
          - key: "weekday"
          - value: 7
        ▿ (2 elements)
          - key: "year"
          - value: 2022
      ▿ 5 key/value pairs
        ▿ (2 elements)
          - key: "day"
          - value: 6
        ▿ (2 elements)
          - key: "month"
          - value: 2
        ▿ (2 elements)
          - key: "week_of_year"
          - value: 6
        ▿ (2 elements)
          - key: "weekday"
          - value: 1
        ▿ (2 elements)
          - key: "year"
          - value: 2022
  ▿ 1 element
    ▿ 7 elements
      ▿ 5 key/value pairs
        ▿ (2 elements)
          - key: "day"
          - value: 31
        ▿ (2 elements)
          - key: "month"
          - value: 1
        ▿ (2 elements)
          - key: "week_of_year"
          - value: 6
        ▿ (2 elements)
          - key: "weekday"
          - value: 2
        ▿ (2 elements)
          - key: "year"
          - value: 2022
      ▿ 5 key/value pairs
        ▿ (2 elements)
          - key: "day"
          - value: 1
        ▿ (2 elements)
          - key: "month"
          - value: 2
        ▿ (2 elements)
          - key: "week_of_year"
          - value: 6
        ▿ (2 elements)
          - key: "weekday"
          - value: 3
        ▿ (2 elements)
          - key: "year"
          - value: 2022
      ▿ 5 key/value pairs
        ▿ (2 elements)
          - key: "day"
          - value: 2
        ▿ (2 elements)
          - key: "month"
          - value: 2
        ▿ (2 elements)
          - key: "week_of_year"
          - value: 6
        ▿ (2 elements)
          - key: "weekday"
          - value: 4
        ▿ (2 elements)
          - key: "year"
          - value: 2022
      ▿ 5 key/value pairs
        ▿ (2 elements)
          - key: "day"
          - value: 3
        ▿ (2 elements)
          - key: "month"
          - value: 2
        ▿ (2 elements)
          - key: "week_of_year"
          - value: 6
        ▿ (2 elements)
          - key: "weekday"
          - value: 5
        ▿ (2 elements)
          - key: "year"
          - value: 2022
      ▿ 5 key/value pairs
        ▿ (2 elements)
          - key: "day"
          - value: 4
        ▿ (2 elements)
          - key: "month"
          - value: 2
        ▿ (2 elements)
          - key: "week_of_year"
          - value: 6
        ▿ (2 elements)
          - key: "weekday"
          - value: 6
        ▿ (2 elements)
          - key: "year"
          - value: 2022
      ▿ 5 key/value pairs
        ▿ (2 elements)
          - key: "day"
          - value: 5
        ▿ (2 elements)
          - key: "month"
          - value: 2
        ▿ (2 elements)
          - key: "week_of_year"
          - value: 6
        ▿ (2 elements)
          - key: "weekday"
          - value: 7
        ▿ (2 elements)
          - key: "year"
          - value: 2022
      ▿ 5 key/value pairs
        ▿ (2 elements)
          - key: "day"
          - value: 6
        ▿ (2 elements)
          - key: "month"
          - value: 2
        ▿ (2 elements)
          - key: "week_of_year"
          - value: 6
        ▿ (2 elements)
          - key: "weekday"
          - value: 1
        ▿ (2 elements)
          - key: "year"
          - value: 2022
  - 0 elements
  - 0 elements
  - 0 elements
  - 0 elements
  - 0 elements
  - 0 elements
  - 0 elements
  - 0 elements
  - 0 elements
  ▿ 2 elements
    ▿ 7 elements
      ▿ 5 key/value pairs
        ▿ (2 elements)
          - key: "day"
          - value: 20
        ▿ (2 elements)
          - key: "month"
          - value: 12
        ▿ (2 elements)
          - key: "week_of_year"
          - value: 52
        ▿ (2 elements)
          - key: "weekday"
          - value: 2
        ▿ (2 elements)
          - key: "year"
          - value: 2021
      ▿ 5 key/value pairs
        ▿ (2 elements)
          - key: "day"
          - value: 21
        ▿ (2 elements)
          - key: "month"
          - value: 12
        ▿ (2 elements)
          - key: "week_of_year"
          - value: 52
        ▿ (2 elements)
          - key: "weekday"
          - value: 3
        ▿ (2 elements)
          - key: "year"
          - value: 2021
      ▿ 5 key/value pairs
        ▿ (2 elements)
          - key: "day"
          - value: 22
        ▿ (2 elements)
          - key: "month"
          - value: 12
        ▿ (2 elements)
          - key: "week_of_year"
          - value: 52
        ▿ (2 elements)
          - key: "weekday"
          - value: 4
        ▿ (2 elements)
          - key: "year"
          - value: 2021
      ▿ 5 key/value pairs
        ▿ (2 elements)
          - key: "day"
          - value: 23
        ▿ (2 elements)
          - key: "month"
          - value: 12
        ▿ (2 elements)
          - key: "week_of_year"
          - value: 52
        ▿ (2 elements)
          - key: "weekday"
          - value: 5
        ▿ (2 elements)
          - key: "year"
          - value: 2021
      ▿ 5 key/value pairs
        ▿ (2 elements)
          - key: "day"
          - value: 24
        ▿ (2 elements)
          - key: "month"
          - value: 12
        ▿ (2 elements)
          - key: "week_of_year"
          - value: 52
        ▿ (2 elements)
          - key: "weekday"
          - value: 6
        ▿ (2 elements)
          - key: "year"
          - value: 2021
      ▿ 5 key/value pairs
        ▿ (2 elements)
          - key: "day"
          - value: 25
        ▿ (2 elements)
          - key: "month"
          - value: 12
        ▿ (2 elements)
          - key: "week_of_year"
          - value: 52
        ▿ (2 elements)
          - key: "weekday"
          - value: 7
        ▿ (2 elements)
          - key: "year"
          - value: 2021
      ▿ 5 key/value pairs
        ▿ (2 elements)
          - key: "day"
          - value: 26
        ▿ (2 elements)
          - key: "month"
          - value: 12
        ▿ (2 elements)
          - key: "week_of_year"
          - value: 52
        ▿ (2 elements)
          - key: "weekday"
          - value: 1
        ▿ (2 elements)
          - key: "year"
          - value: 2021
    ▿ 7 elements
      ▿ 5 key/value pairs
        ▿ (2 elements)
          - key: "day"
          - value: 27
        ▿ (2 elements)
          - key: "month"
          - value: 12
        ▿ (2 elements)
          - key: "week_of_year"
          - value: 1
        ▿ (2 elements)
          - key: "weekday"
          - value: 2
        ▿ (2 elements)
          - key: "year"
          - value: 2021
      ▿ 5 key/value pairs
        ▿ (2 elements)
          - key: "day"
          - value: 28
        ▿ (2 elements)
          - key: "month"
          - value: 12
        ▿ (2 elements)
          - key: "week_of_year"
          - value: 1
        ▿ (2 elements)
          - key: "weekday"
          - value: 3
        ▿ (2 elements)
          - key: "year"
          - value: 2021
      ▿ 5 key/value pairs
        ▿ (2 elements)
          - key: "day"
          - value: 29
        ▿ (2 elements)
          - key: "month"
          - value: 12
        ▿ (2 elements)
          - key: "week_of_year"
          - value: 1
        ▿ (2 elements)
          - key: "weekday"
          - value: 4
        ▿ (2 elements)
          - key: "year"
          - value: 2021
      ▿ 5 key/value pairs
        ▿ (2 elements)
          - key: "day"
          - value: 30
        ▿ (2 elements)
          - key: "month"
          - value: 12
        ▿ (2 elements)
          - key: "week_of_year"
          - value: 1
        ▿ (2 elements)
          - key: "weekday"
          - value: 5
        ▿ (2 elements)
          - key: "year"
          - value: 2021
      ▿ 5 key/value pairs
        ▿ (2 elements)
          - key: "day"
          - value: 31
        ▿ (2 elements)
          - key: "month"
          - value: 12
        ▿ (2 elements)
          - key: "week_of_year"
          - value: 1
        ▿ (2 elements)
          - key: "weekday"
          - value: 6
        ▿ (2 elements)
          - key: "year"
          - value: 2021
      ▿ 5 key/value pairs
        ▿ (2 elements)
          - key: "day"
          - value: 1
        ▿ (2 elements)
          - key: "month"
          - value: 1
        ▿ (2 elements)
          - key: "week_of_year"
          - value: 1
        ▿ (2 elements)
          - key: "weekday"
          - value: 7
        ▿ (2 elements)
          - key: "year"
          - value: 2022
      ▿ 5 key/value pairs
        ▿ (2 elements)
          - key: "day"
          - value: 2
        ▿ (2 elements)
          - key: "month"
          - value: 1
        ▿ (2 elements)
          - key: "week_of_year"
          - value: 1
        ▿ (2 elements)
          - key: "weekday"
          - value: 1
        ▿ (2 elements)
          - key: "year"
          - value: 2022
